V3-CONFIRM: TIA/a3sig reusing lr 0.01 from the screen
================================================================================
RUN: final3_TIA_a3sig_s4
[final3_TIA_a3sig_s4] device: NVIDIA GeForce RTX 5090
[final3_TIA_a3sig_s4] step 250/6000 train 4.4474 val 4.4866 acc 0.0734
[final3_TIA_a3sig_s4] step 500/6000 train 3.8218 val 4.0406 acc 0.1363
[final3_TIA_a3sig_s4] step 750/6000 train 3.7907 val 3.7304 acc 0.1730
[final3_TIA_a3sig_s4] step 1000/6000 train 3.1952 val 3.5528 acc 0.1996
[final3_TIA_a3sig_s4] step 1250/6000 train 3.1003 val 3.4073 acc 0.2242
[final3_TIA_a3sig_s4] step 1500/6000 train 3.3336 val 3.2743 acc 0.2500
[final3_TIA_a3sig_s4] step 1750/6000 train 2.9297 val 3.1970 acc 0.2566
[final3_TIA_a3sig_s4] step 2000/6000 train 2.7592 val 3.1132 acc 0.2762
[final3_TIA_a3sig_s4] step 2250/6000 train 2.7859 val 2.9865 acc 0.3109
[final3_TIA_a3sig_s4] step 2500/6000 train 2.5536 val 2.9306 acc 0.3172
[final3_TIA_a3sig_s4] step 2750/6000 train 2.9244 val 2.8713 acc 0.3266
[final3_TIA_a3sig_s4] step 3000/6000 train 2.7327 val 2.8240 acc 0.3297
[final3_TIA_a3sig_s4] step 3250/6000 train 2.0942 val 2.7539 acc 0.3637
[final3_TIA_a3sig_s4] step 3500/6000 train 2.2813 val 2.7124 acc 0.3645
[final3_TIA_a3sig_s4] step 3750/6000 train 2.0269 val 2.6503 acc 0.3770
[final3_TIA_a3sig_s4] step 4000/6000 train 1.8378 val 2.6411 acc 0.3816
[final3_TIA_a3sig_s4] step 4250/6000 train 2.0048 val 2.6097 acc 0.3977
[final3_TIA_a3sig_s4] step 4500/6000 train 2.0492 val 2.5656 acc 0.4082
[final3_TIA_a3sig_s4] step 4750/6000 train 2.1592 val 2.5296 acc 0.4012
[final3_TIA_a3sig_s4] step 5000/6000 train 1.8769 val 2.5471 acc 0.4148
[final3_TIA_a3sig_s4] step 5250/6000 train 1.6725 val 2.5385 acc 0.4086
[final3_TIA_a3sig_s4] step 5500/6000 train 1.8841 val 2.5273 acc 0.4121
[final3_TIA_a3sig_s4] step 5750/6000 train 1.9487 val 2.4980 acc 0.4152
[final3_TIA_a3sig_s4] step 6000/6000 train 1.7711 val 2.4956 acc 0.4152
[final3_TIA_a3sig_s4] DONE final_val=2.4956 best_val=2.4956 wall=412s
================================================================================
RUN: final3_TIA_a3sig_s5
[final3_TIA_a3sig_s5] device: NVIDIA GeForce RTX 5090
[final3_TIA_a3sig_s5] step 250/6000 train 4.3201 val 4.4656 acc 0.0750
[final3_TIA_a3sig_s5] step 500/6000 train 4.1262 val 3.9694 acc 0.1383
[final3_TIA_a3sig_s5] step 750/6000 train 3.7599 val 3.7413 acc 0.1719
[final3_TIA_a3sig_s5] step 1000/6000 train 3.5492 val 3.4653 acc 0.2281
[final3_TIA_a3sig_s5] step 1250/6000 train 3.2856 val 3.3873 acc 0.2379
[final3_TIA_a3sig_s5] step 1500/6000 train 3.3431 val 3.2285 acc 0.2586
[final3_TIA_a3sig_s5] step 1750/6000 train 2.9243 val 3.1731 acc 0.2641
[final3_TIA_a3sig_s5] step 2000/6000 train 2.9108 val 3.0769 acc 0.2914
[final3_TIA_a3sig_s5] step 2250/6000 train 3.2703 val 2.9739 acc 0.3121
[final3_TIA_a3sig_s5] step 2500/6000 train 2.5873 val 2.9174 acc 0.3156
[final3_TIA_a3sig_s5] step 2750/6000 train 2.6690 val 2.8390 acc 0.3398
[final3_TIA_a3sig_s5] step 3000/6000 train 2.3619 val 2.7950 acc 0.3457
[final3_TIA_a3sig_s5] step 3250/6000 train 2.5222 val 2.7213 acc 0.3574
[final3_TIA_a3sig_s5] step 3500/6000 train 2.3748 val 2.6914 acc 0.3781
[final3_TIA_a3sig_s5] step 3750/6000 train 2.1758 val 2.6345 acc 0.3754
[final3_TIA_a3sig_s5] step 4000/6000 train 1.7694 val 2.6332 acc 0.3840
[final3_TIA_a3sig_s5] step 4250/6000 train 1.9509 val 2.5821 acc 0.3969
[final3_TIA_a3sig_s5] step 4500/6000 train 2.0412 val 2.5886 acc 0.3977
[final3_TIA_a3sig_s5] step 4750/6000 train 1.6048 val 2.5153 acc 0.4203
[final3_TIA_a3sig_s5] step 5000/6000 train 1.9769 val 2.5433 acc 0.4094
[final3_TIA_a3sig_s5] step 5250/6000 train 2.0433 val 2.5220 acc 0.4098
[final3_TIA_a3sig_s5] step 5500/6000 train 1.8760 val 2.5048 acc 0.4133
[final3_TIA_a3sig_s5] step 5750/6000 train 1.9526 val 2.5244 acc 0.4125
[final3_TIA_a3sig_s5] step 6000/6000 train 1.7360 val 2.4932 acc 0.4199
[final3_TIA_a3sig_s5] DONE final_val=2.4932 best_val=2.4932 wall=416s
================================================================================
RUN: final3_TIA_a3sig_s6
[final3_TIA_a3sig_s6] device: NVIDIA GeForce RTX 5090
[final3_TIA_a3sig_s6] step 250/6000 train 4.4646 val 4.4959 acc 0.0719
[final3_TIA_a3sig_s6] step 500/6000 train 4.0296 val 4.0526 acc 0.1301
[final3_TIA_a3sig_s6] step 750/6000 train 3.3820 val 3.7272 acc 0.1809
[final3_TIA_a3sig_s6] step 1000/6000 train 3.7628 val 3.5536 acc 0.2059
[final3_TIA_a3sig_s6] step 1250/6000 train 3.3430 val 3.3978 acc 0.2297
[final3_TIA_a3sig_s6] step 1500/6000 train 3.2251 val 3.2684 acc 0.2590
[final3_TIA_a3sig_s6] step 1750/6000 train 2.9104 val 3.2008 acc 0.2781
[final3_TIA_a3sig_s6] step 2000/6000 train 2.7412 val 3.1121 acc 0.2875
[final3_TIA_a3sig_s6] step 2250/6000 train 3.0073 val 3.0371 acc 0.3016
[final3_TIA_a3sig_s6] step 2500/6000 train 2.6270 val 2.9294 acc 0.3102
[final3_TIA_a3sig_s6] step 2750/6000 train 2.6037 val 2.8595 acc 0.3320
[final3_TIA_a3sig_s6] step 3000/6000 train 2.5664 val 2.8129 acc 0.3520
[final3_TIA_a3sig_s6] step 3250/6000 train 2.5836 val 2.7698 acc 0.3594
[final3_TIA_a3sig_s6] step 3500/6000 train 2.3962 val 2.7572 acc 0.3559
[final3_TIA_a3sig_s6] step 3750/6000 train 1.9010 val 2.6711 acc 0.3695
[final3_TIA_a3sig_s6] step 4000/6000 train 1.9392 val 2.6232 acc 0.3883
[final3_TIA_a3sig_s6] step 4250/6000 train 2.4392 val 2.5866 acc 0.3898
[final3_TIA_a3sig_s6] step 4500/6000 train 1.8610 val 2.5697 acc 0.3980
[final3_TIA_a3sig_s6] step 4750/6000 train 1.6751 val 2.5345 acc 0.4078
[final3_TIA_a3sig_s6] step 5000/6000 train 2.0737 val 2.5589 acc 0.4074
[final3_TIA_a3sig_s6] step 5250/6000 train 1.8492 val 2.5006 acc 0.4184
[final3_TIA_a3sig_s6] step 5500/6000 train 1.8319 val 2.5188 acc 0.4199
[final3_TIA_a3sig_s6] step 5750/6000 train 1.7155 val 2.4945 acc 0.4148
[final3_TIA_a3sig_s6] step 6000/6000 train 1.7137 val 2.4864 acc 0.4250
[final3_TIA_a3sig_s6] DONE final_val=2.4864 best_val=2.4864 wall=420s
================================================================================
RUN: final3_TIA_a3sig_s7
[final3_TIA_a3sig_s7] device: NVIDIA GeForce RTX 5090
[final3_TIA_a3sig_s7] step 250/6000 train 4.5695 val 4.5068 acc 0.0848
[final3_TIA_a3sig_s7] step 500/6000 train 3.9744 val 3.9745 acc 0.1398
[final3_TIA_a3sig_s7] step 750/6000 train 3.7096 val 3.7227 acc 0.1691
[final3_TIA_a3sig_s7] step 1000/6000 train 3.3372 val 3.5548 acc 0.2086
[final3_TIA_a3sig_s7] step 1250/6000 train 3.3092 val 3.3802 acc 0.2332
[final3_TIA_a3sig_s7] step 1500/6000 train 3.1994 val 3.3074 acc 0.2414
[final3_TIA_a3sig_s7] step 1750/6000 train 3.0219 val 3.1839 acc 0.2582
[final3_TIA_a3sig_s7] step 2000/6000 train 3.2515 val 3.1141 acc 0.2723
[final3_TIA_a3sig_s7] step 2250/6000 train 2.9336 val 2.9939 acc 0.3059
[final3_TIA_a3sig_s7] step 2500/6000 train 2.9252 val 2.9187 acc 0.3129
[final3_TIA_a3sig_s7] step 2750/6000 train 2.8558 val 2.8735 acc 0.3285
[final3_TIA_a3sig_s7] step 3000/6000 train 2.5132 val 2.8374 acc 0.3340
[final3_TIA_a3sig_s7] step 3250/6000 train 2.4621 val 2.7494 acc 0.3449
[final3_TIA_a3sig_s7] step 3500/6000 train 2.4336 val 2.7030 acc 0.3566
[final3_TIA_a3sig_s7] step 3750/6000 train 2.5188 val 2.6727 acc 0.3781
[final3_TIA_a3sig_s7] step 4000/6000 train 2.0846 val 2.6230 acc 0.3805
[final3_TIA_a3sig_s7] step 4250/6000 train 1.8975 val 2.5703 acc 0.3926
[final3_TIA_a3sig_s7] step 4500/6000 train 1.9164 val 2.5861 acc 0.3910
[final3_TIA_a3sig_s7] step 4750/6000 train 1.9913 val 2.5752 acc 0.3945
[final3_TIA_a3sig_s7] step 5000/6000 train 1.7504 val 2.5318 acc 0.4008
[final3_TIA_a3sig_s7] step 5250/6000 train 2.1416 val 2.5632 acc 0.4098
[final3_TIA_a3sig_s7] step 5500/6000 train 2.0856 val 2.5491 acc 0.4055
[final3_TIA_a3sig_s7] step 5750/6000 train 2.2574 val 2.5497 acc 0.4027
[final3_TIA_a3sig_s7] step 6000/6000 train 1.7839 val 2.5641 acc 0.3945
[final3_TIA_a3sig_s7] DONE final_val=2.5641 best_val=2.5318 wall=425s
================================================================================
RUN: final3_TIA_a3sig_s8
[final3_TIA_a3sig_s8] device: NVIDIA GeForce RTX 5090
[final3_TIA_a3sig_s8] step 250/6000 train 4.5384 val 4.4952 acc 0.0668
[final3_TIA_a3sig_s8] step 500/6000 train 3.8439 val 4.0254 acc 0.1336
[final3_TIA_a3sig_s8] step 750/6000 train 3.8827 val 3.7672 acc 0.1703
[final3_TIA_a3sig_s8] step 1000/6000 train 3.2319 val 3.5494 acc 0.2062
[final3_TIA_a3sig_s8] step 1250/6000 train 3.4307 val 3.4908 acc 0.2098
[final3_TIA_a3sig_s8] step 1500/6000 train 3.4501 val 3.3396 acc 0.2363
[final3_TIA_a3sig_s8] step 1750/6000 train 2.9365 val 3.2471 acc 0.2512
[final3_TIA_a3sig_s8] step 2000/6000 train 2.9425 val 3.0770 acc 0.2867
[final3_TIA_a3sig_s8] step 2250/6000 train 2.7938 val 3.0148 acc 0.2906
[final3_TIA_a3sig_s8] step 2500/6000 train 2.5894 val 2.9384 acc 0.3141
[final3_TIA_a3sig_s8] step 2750/6000 train 2.2633 val 2.8869 acc 0.3273
[final3_TIA_a3sig_s8] step 3000/6000 train 2.3184 val 2.8440 acc 0.3289
[final3_TIA_a3sig_s8] step 3250/6000 train 2.4541 val 2.7776 acc 0.3508
[final3_TIA_a3sig_s8] step 3500/6000 train 2.6771 val 2.7647 acc 0.3559
[final3_TIA_a3sig_s8] step 3750/6000 train 2.2941 val 2.6994 acc 0.3590
[final3_TIA_a3sig_s8] step 4000/6000 train 2.1932 val 2.6619 acc 0.3789
[final3_TIA_a3sig_s8] step 4250/6000 train 2.2143 val 2.6152 acc 0.4051
[final3_TIA_a3sig_s8] step 4500/6000 train 1.7755 val 2.6007 acc 0.3926
[final3_TIA_a3sig_s8] step 4750/6000 train 2.1603 val 2.5924 acc 0.3906
[final3_TIA_a3sig_s8] step 5000/6000 train 2.1675 val 2.5512 acc 0.4066
[final3_TIA_a3sig_s8] step 5250/6000 train 2.1426 val 2.5311 acc 0.4129
[final3_TIA_a3sig_s8] step 5500/6000 train 1.6742 val 2.5108 acc 0.4098
[final3_TIA_a3sig_s8] step 5750/6000 train 1.6579 val 2.5505 acc 0.4098
[final3_TIA_a3sig_s8] step 6000/6000 train 1.9129 val 2.5482 acc 0.4121
[final3_TIA_a3sig_s8] DONE final_val=2.5482 best_val=2.5108 wall=432s
V3-CONFIRM: PscaleM/a3sig reusing lr 0.01 from the screen
================================================================================
RUN: final3_PscaleM_a3sig_s4
[final3_PscaleM_a3sig_s4] device: NVIDIA GeForce RTX 5090
[final3_PscaleM_a3sig_s4] step 250/4000 train 2.5449 val 1.8232
[final3_PscaleM_a3sig_s4] step 500/4000 train 2.3416 val 1.5214
[final3_PscaleM_a3sig_s4] step 750/4000 train 2.2070 val 1.3967
[final3_PscaleM_a3sig_s4] step 1000/4000 train 2.2101 val 1.3380
[final3_PscaleM_a3sig_s4] step 1250/4000 train 2.0730 val 1.3038
[final3_PscaleM_a3sig_s4] step 1500/4000 train 2.1063 val 1.2708
[final3_PscaleM_a3sig_s4] step 1750/4000 train 2.1476 val 1.2506
[final3_PscaleM_a3sig_s4] step 2000/4000 train 2.0398 val 1.2286
[final3_PscaleM_a3sig_s4] step 2250/4000 train 2.0277 val 1.2088
[final3_PscaleM_a3sig_s4] step 2500/4000 train 2.0038 val 1.1867
[final3_PscaleM_a3sig_s4] step 2750/4000 train 1.9761 val 1.1766
[final3_PscaleM_a3sig_s4] step 3000/4000 train 1.9008 val 1.1669
[final3_PscaleM_a3sig_s4] step 3250/4000 train 1.9393 val 1.1591
[final3_PscaleM_a3sig_s4] step 3500/4000 train 1.9705 val 1.1548
[final3_PscaleM_a3sig_s4] step 3750/4000 train 1.9412 val 1.1516
[final3_PscaleM_a3sig_s4] step 4000/4000 train 1.9251 val 1.1504
[final3_PscaleM_a3sig_s4] DONE final_val=1.1504 best_val=1.1504 wall=532s
================================================================================
RUN: final3_PscaleM_a3sig_s5
[final3_PscaleM_a3sig_s5] device: NVIDIA GeForce RTX 5090
[final3_PscaleM_a3sig_s5] step 250/4000 train 2.6386 val 1.8065
[final3_PscaleM_a3sig_s5] step 500/4000 train 2.3384 val 1.5193
[final3_PscaleM_a3sig_s5] step 750/4000 train 2.2246 val 1.3974
[final3_PscaleM_a3sig_s5] step 1000/4000 train 2.1597 val 1.3416
[final3_PscaleM_a3sig_s5] step 1250/4000 train 2.1387 val 1.3058
[final3_PscaleM_a3sig_s5] step 1500/4000 train 2.1382 val 1.2757
[final3_PscaleM_a3sig_s5] step 1750/4000 train 2.1023 val 1.2519
[final3_PscaleM_a3sig_s5] step 2000/4000 train 2.0990 val 1.2288
[final3_PscaleM_a3sig_s5] step 2250/4000 train 2.0522 val 1.2126
[final3_PscaleM_a3sig_s5] step 2500/4000 train 2.0156 val 1.1939
[final3_PscaleM_a3sig_s5] step 2750/4000 train 1.9227 val 1.1814
[final3_PscaleM_a3sig_s5] step 3000/4000 train 1.9648 val 1.1685
[final3_PscaleM_a3sig_s5] step 3250/4000 train 1.9653 val 1.1616
[final3_PscaleM_a3sig_s5] step 3500/4000 train 1.8838 val 1.1537
[final3_PscaleM_a3sig_s5] step 3750/4000 train 1.9761 val 1.1515
[final3_PscaleM_a3sig_s5] step 4000/4000 train 1.9124 val 1.1527
[final3_PscaleM_a3sig_s5] DONE final_val=1.1527 best_val=1.1515 wall=526s
================================================================================
RUN: final3_PscaleM_a3sig_s6
[final3_PscaleM_a3sig_s6] device: NVIDIA GeForce RTX 5090
[final3_PscaleM_a3sig_s6] step 250/4000 train 2.6710 val 1.8104
[final3_PscaleM_a3sig_s6] step 500/4000 train 2.3032 val 1.4957
[final3_PscaleM_a3sig_s6] step 750/4000 train 2.2168 val 1.3987
[final3_PscaleM_a3sig_s6] step 1000/4000 train 2.1970 val 1.3358
[final3_PscaleM_a3sig_s6] step 1250/4000 train 2.1392 val 1.2988
[final3_PscaleM_a3sig_s6] step 1500/4000 train 2.0668 val 1.2705
[final3_PscaleM_a3sig_s6] step 1750/4000 train 2.0794 val 1.2489
[final3_PscaleM_a3sig_s6] step 2000/4000 train 2.0487 val 1.2259
[final3_PscaleM_a3sig_s6] step 2250/4000 train 2.0370 val 1.2105
[final3_PscaleM_a3sig_s6] step 2500/4000 train 2.0626 val 1.1926
[final3_PscaleM_a3sig_s6] step 2750/4000 train 2.0502 val 1.1800
[final3_PscaleM_a3sig_s6] step 3000/4000 train 1.9753 val 1.1688
[final3_PscaleM_a3sig_s6] step 3250/4000 train 1.9553 val 1.1597
[final3_PscaleM_a3sig_s6] step 3500/4000 train 1.9830 val 1.1583
[final3_PscaleM_a3sig_s6] step 3750/4000 train 1.9646 val 1.1524
[final3_PscaleM_a3sig_s6] step 4000/4000 train 1.9610 val 1.1521
[final3_PscaleM_a3sig_s6] DONE final_val=1.1521 best_val=1.1521 wall=546s
================================================================================
RUN: final3_PscaleM_a3sig_s7
[final3_PscaleM_a3sig_s7] device: NVIDIA GeForce RTX 5090
[final3_PscaleM_a3sig_s7] step 250/4000 train 2.5907 val 1.8171
[final3_PscaleM_a3sig_s7] step 500/4000 train 2.3452 val 1.5105
[final3_PscaleM_a3sig_s7] step 750/4000 train 2.2579 val 1.3930
[final3_PscaleM_a3sig_s7] step 1000/4000 train 2.1646 val 1.3342
[final3_PscaleM_a3sig_s7] step 1250/4000 train 2.1522 val 1.2982
[final3_PscaleM_a3sig_s7] step 1500/4000 train 2.1071 val 1.2743
[final3_PscaleM_a3sig_s7] step 1750/4000 train 2.1242 val 1.2478
[final3_PscaleM_a3sig_s7] step 2000/4000 train 2.0328 val 1.2296
[final3_PscaleM_a3sig_s7] step 2250/4000 train 2.0973 val 1.2129
[final3_PscaleM_a3sig_s7] step 2500/4000 train 1.9761 val 1.1917
[final3_PscaleM_a3sig_s7] step 2750/4000 train 1.9435 val 1.1800
[final3_PscaleM_a3sig_s7] step 3000/4000 train 2.0042 val 1.1698
[final3_PscaleM_a3sig_s7] step 3250/4000 train 2.0287 val 1.1590
[final3_PscaleM_a3sig_s7] step 3500/4000 train 1.9552 val 1.1557
[final3_PscaleM_a3sig_s7] step 3750/4000 train 1.9345 val 1.1506
[final3_PscaleM_a3sig_s7] step 4000/4000 train 1.9591 val 1.1557
[final3_PscaleM_a3sig_s7] DONE final_val=1.1557 best_val=1.1506 wall=526s
================================================================================
RUN: final3_PscaleM_a3sig_s8
[final3_PscaleM_a3sig_s8] device: NVIDIA GeForce RTX 5090
[final3_PscaleM_a3sig_s8] step 250/4000 train 2.5985 val 1.7988
[final3_PscaleM_a3sig_s8] step 500/4000 train 2.3874 val 1.4974
[final3_PscaleM_a3sig_s8] step 750/4000 train 2.2115 val 1.3832
[final3_PscaleM_a3sig_s8] step 1000/4000 train 2.1381 val 1.3334
[final3_PscaleM_a3sig_s8] step 1250/4000 train 2.1348 val 1.2983
[final3_PscaleM_a3sig_s8] step 1500/4000 train 2.0709 val 1.2686
[final3_PscaleM_a3sig_s8] step 1750/4000 train 2.0534 val 1.2450
[final3_PscaleM_a3sig_s8] step 2000/4000 train 2.0553 val 1.2271
[final3_PscaleM_a3sig_s8] step 2250/4000 train 1.9744 val 1.2080
[final3_PscaleM_a3sig_s8] step 2500/4000 train 1.9826 val 1.1912
[final3_PscaleM_a3sig_s8] step 2750/4000 train 1.9748 val 1.1806
[final3_PscaleM_a3sig_s8] step 3000/4000 train 1.8882 val 1.1722
[final3_PscaleM_a3sig_s8] step 3250/4000 train 1.9448 val 1.1611
[final3_PscaleM_a3sig_s8] step 3500/4000 train 1.9454 val 1.1532
[final3_PscaleM_a3sig_s8] step 3750/4000 train 1.9744 val 1.1563
[final3_PscaleM_a3sig_s8] step 4000/4000 train 1.9686 val 1.1522
[final3_PscaleM_a3sig_s8] DONE final_val=1.1522 best_val=1.1522 wall=560s
================================================================================
RUN: final3_PscaleM_a3sig_s9
[final3_PscaleM_a3sig_s9] device: NVIDIA GeForce RTX 5090
[final3_PscaleM_a3sig_s9] step 250/4000 train 2.6869 val 1.8109
[final3_PscaleM_a3sig_s9] step 500/4000 train 2.3016 val 1.5054
[final3_PscaleM_a3sig_s9] step 750/4000 train 2.2491 val 1.3985
[final3_PscaleM_a3sig_s9] step 1000/4000 train 2.1786 val 1.3385
[final3_PscaleM_a3sig_s9] step 1250/4000 train 2.1516 val 1.3003
[final3_PscaleM_a3sig_s9] step 1500/4000 train 2.0834 val 1.2711
[final3_PscaleM_a3sig_s9] step 1750/4000 train 2.0881 val 1.2523
[final3_PscaleM_a3sig_s9] step 2000/4000 train 2.0076 val 1.2285
[final3_PscaleM_a3sig_s9] step 2250/4000 train 1.9880 val 1.2069
[final3_PscaleM_a3sig_s9] step 2500/4000 train 2.0232 val 1.1949
[final3_PscaleM_a3sig_s9] step 2750/4000 train 1.9914 val 1.1783
[final3_PscaleM_a3sig_s9] step 3000/4000 train 1.9886 val 1.1678
[final3_PscaleM_a3sig_s9] step 3250/4000 train 1.9621 val 1.1601
[final3_PscaleM_a3sig_s9] step 3500/4000 train 1.9340 val 1.1542
[final3_PscaleM_a3sig_s9] step 3750/4000 train 1.8805 val 1.1528
[final3_PscaleM_a3sig_s9] step 4000/4000 train 1.9369 val 1.1528
[final3_PscaleM_a3sig_s9] DONE final_val=1.1528 best_val=1.1528 wall=533s
================================================================================
RUN: final3_PscaleM_a3sig_s10
[final3_PscaleM_a3sig_s10] device: NVIDIA GeForce RTX 5090
[final3_PscaleM_a3sig_s10] step 250/4000 train 2.5811 val 1.8104
[final3_PscaleM_a3sig_s10] step 500/4000 train 2.3446 val 1.5183
[final3_PscaleM_a3sig_s10] step 750/4000 train 2.3194 val 1.3996
[final3_PscaleM_a3sig_s10] step 1000/4000 train 2.2207 val 1.3387
[final3_PscaleM_a3sig_s10] step 1250/4000 train 2.1068 val 1.3016
[final3_PscaleM_a3sig_s10] step 1500/4000 train 2.0839 val 1.2698
[final3_PscaleM_a3sig_s10] step 1750/4000 train 2.0835 val 1.2483
[final3_PscaleM_a3sig_s10] step 2000/4000 train 2.0651 val 1.2300
[final3_PscaleM_a3sig_s10] step 2250/4000 train 2.0041 val 1.2112
[final3_PscaleM_a3sig_s10] step 2500/4000 train 2.0415 val 1.1970
[final3_PscaleM_a3sig_s10] step 2750/4000 train 2.0102 val 1.1826
[final3_PscaleM_a3sig_s10] step 3000/4000 train 1.9406 val 1.1684
[final3_PscaleM_a3sig_s10] step 3250/4000 train 1.9549 val 1.1569
[final3_PscaleM_a3sig_s10] step 3500/4000 train 1.9721 val 1.1561
[final3_PscaleM_a3sig_s10] step 3750/4000 train 1.9522 val 1.1518
[final3_PscaleM_a3sig_s10] step 4000/4000 train 1.9580 val 1.1527
[final3_PscaleM_a3sig_s10] DONE final_val=1.1527 best_val=1.1518 wall=523s
================================================================================
RUN: final3_PscaleM_a3sig_s11
[final3_PscaleM_a3sig_s11] device: NVIDIA GeForce RTX 5090
[final3_PscaleM_a3sig_s11] step 250/4000 train 2.5664 val 1.8058
[final3_PscaleM_a3sig_s11] step 500/4000 train 2.2907 val 1.4992
[final3_PscaleM_a3sig_s11] step 750/4000 train 2.2164 val 1.3903
[final3_PscaleM_a3sig_s11] step 1000/4000 train 2.1832 val 1.3389
[final3_PscaleM_a3sig_s11] step 1250/4000 train 2.1157 val 1.3005
[final3_PscaleM_a3sig_s11] step 1500/4000 train 2.0873 val 1.2718
[final3_PscaleM_a3sig_s11] step 1750/4000 train 2.0461 val 1.2476
[final3_PscaleM_a3sig_s11] step 2000/4000 train 2.0298 val 1.2286
[final3_PscaleM_a3sig_s11] step 2250/4000 train 1.9625 val 1.2084
[final3_PscaleM_a3sig_s11] step 2500/4000 train 2.0671 val 1.1923
[final3_PscaleM_a3sig_s11] step 2750/4000 train 1.9796 val 1.1813
[final3_PscaleM_a3sig_s11] step 3000/4000 train 1.9454 val 1.1686
[final3_PscaleM_a3sig_s11] step 3250/4000 train 1.9083 val 1.1600
[final3_PscaleM_a3sig_s11] step 3500/4000 train 1.9532 val 1.1594
[final3_PscaleM_a3sig_s11] step 3750/4000 train 1.9404 val 1.1532
[final3_PscaleM_a3sig_s11] step 4000/4000 train 2.0073 val 1.1529
[final3_PscaleM_a3sig_s11] DONE final_val=1.1529 best_val=1.1529 wall=540s
================================================================================
RUN: final3_PscaleM_a3sig_s12
[final3_PscaleM_a3sig_s12] device: NVIDIA GeForce RTX 5090
[final3_PscaleM_a3sig_s12] step 250/4000 train 2.6287 val 1.8106
[final3_PscaleM_a3sig_s12] step 500/4000 train 2.3406 val 1.4935
[final3_PscaleM_a3sig_s12] step 750/4000 train 2.2542 val 1.3891
[final3_PscaleM_a3sig_s12] step 1000/4000 train 2.1266 val 1.3344
[final3_PscaleM_a3sig_s12] step 1250/4000 train 2.1015 val 1.2982
[final3_PscaleM_a3sig_s12] step 1500/4000 train 2.0889 val 1.2684
[final3_PscaleM_a3sig_s12] step 1750/4000 train 2.0618 val 1.2483
[final3_PscaleM_a3sig_s12] step 2000/4000 train 1.9698 val 1.2263
[final3_PscaleM_a3sig_s12] step 2250/4000 train 2.0001 val 1.2059
[final3_PscaleM_a3sig_s12] step 2500/4000 train 2.0030 val 1.1914
[final3_PscaleM_a3sig_s12] step 2750/4000 train 1.9199 val 1.1774
[final3_PscaleM_a3sig_s12] step 3000/4000 train 1.9591 val 1.1695
[final3_PscaleM_a3sig_s12] step 3250/4000 train 1.9305 val 1.1589
[final3_PscaleM_a3sig_s12] step 3500/4000 train 1.9565 val 1.1531
[final3_PscaleM_a3sig_s12] step 3750/4000 train 1.9905 val 1.1494
[final3_PscaleM_a3sig_s12] step 4000/4000 train 1.9797 val 1.1523
[final3_PscaleM_a3sig_s12] DONE final_val=1.1523 best_val=1.1494 wall=522s
================================================================================
RUN: final3_PscaleM_a3sig_s13
[final3_PscaleM_a3sig_s13] device: NVIDIA GeForce RTX 5090
[final3_PscaleM_a3sig_s13] step 250/4000 train 2.6268 val 1.8062
[final3_PscaleM_a3sig_s13] step 500/4000 train 2.3989 val 1.5011
[final3_PscaleM_a3sig_s13] step 750/4000 train 2.2271 val 1.3913
[final3_PscaleM_a3sig_s13] step 1000/4000 train 2.1667 val 1.3370
[final3_PscaleM_a3sig_s13] step 1250/4000 train 2.0903 val 1.3045
[final3_PscaleM_a3sig_s13] step 1500/4000 train 2.0836 val 1.2689
[final3_PscaleM_a3sig_s13] step 1750/4000 train 2.0735 val 1.2501
[final3_PscaleM_a3sig_s13] step 2000/4000 train 2.0350 val 1.2262
[final3_PscaleM_a3sig_s13] step 2250/4000 train 2.0975 val 1.2082
[final3_PscaleM_a3sig_s13] step 2500/4000 train 1.9771 val 1.1975
[final3_PscaleM_a3sig_s13] step 2750/4000 train 2.0041 val 1.1799
[final3_PscaleM_a3sig_s13] step 3000/4000 train 1.9447 val 1.1716
[final3_PscaleM_a3sig_s13] step 3250/4000 train 1.9198 val 1.1650
[final3_PscaleM_a3sig_s13] step 3500/4000 train 2.0492 val 1.1557
[final3_PscaleM_a3sig_s13] step 3750/4000 train 1.9716 val 1.1548
[final3_PscaleM_a3sig_s13] step 4000/4000 train 1.9744 val 1.1509
[final3_PscaleM_a3sig_s13] DONE final_val=1.1509 best_val=1.1509 wall=555s
================================================================================
RUN: final3_PscaleM_a3sig_s14
[final3_PscaleM_a3sig_s14] device: NVIDIA GeForce RTX 5090
[final3_PscaleM_a3sig_s14] step 250/4000 train 2.5867 val 1.7995
[final3_PscaleM_a3sig_s14] step 500/4000 train 2.3311 val 1.5096
[final3_PscaleM_a3sig_s14] step 750/4000 train 2.2572 val 1.4001
[final3_PscaleM_a3sig_s14] step 1000/4000 train 2.2298 val 1.3363
[final3_PscaleM_a3sig_s14] step 1250/4000 train 2.1345 val 1.2983
[final3_PscaleM_a3sig_s14] step 1500/4000 train 2.1494 val 1.2723
[final3_PscaleM_a3sig_s14] step 1750/4000 train 2.0326 val 1.2481
[final3_PscaleM_a3sig_s14] step 2000/4000 train 2.0434 val 1.2245
[final3_PscaleM_a3sig_s14] step 2250/4000 train 2.0144 val 1.2095
[final3_PscaleM_a3sig_s14] step 2500/4000 train 2.0645 val 1.1934
[final3_PscaleM_a3sig_s14] step 2750/4000 train 1.9848 val 1.1771
[final3_PscaleM_a3sig_s14] step 3000/4000 train 1.9786 val 1.1695
[final3_PscaleM_a3sig_s14] step 3250/4000 train 2.0132 val 1.1638
[final3_PscaleM_a3sig_s14] step 3500/4000 train 1.9709 val 1.1553
[final3_PscaleM_a3sig_s14] step 3750/4000 train 1.9614 val 1.1481
[final3_PscaleM_a3sig_s14] step 4000/4000 train 1.9926 val 1.1508
[final3_PscaleM_a3sig_s14] DONE final_val=1.1508 best_val=1.1481 wall=542s
================================================================================
RUN: final3_PscaleM_a3sig_s15
[final3_PscaleM_a3sig_s15] device: NVIDIA GeForce RTX 5090
[final3_PscaleM_a3sig_s15] step 250/4000 train 2.6592 val 1.8041
[final3_PscaleM_a3sig_s15] step 500/4000 train 2.2931 val 1.5133
[final3_PscaleM_a3sig_s15] step 750/4000 train 2.1996 val 1.3925
[final3_PscaleM_a3sig_s15] step 1000/4000 train 2.1687 val 1.3393
[final3_PscaleM_a3sig_s15] step 1250/4000 train 2.1075 val 1.3014
[final3_PscaleM_a3sig_s15] step 1500/4000 train 2.1021 val 1.2685
[final3_PscaleM_a3sig_s15] step 1750/4000 train 2.0886 val 1.2465
[final3_PscaleM_a3sig_s15] step 2000/4000 train 2.0795 val 1.2272
[final3_PscaleM_a3sig_s15] step 2250/4000 train 2.0951 val 1.2055
[final3_PscaleM_a3sig_s15] step 2500/4000 train 1.9941 val 1.1933
[final3_PscaleM_a3sig_s15] step 2750/4000 train 1.9706 val 1.1778
[final3_PscaleM_a3sig_s15] step 3000/4000 train 1.9984 val 1.1662
[final3_PscaleM_a3sig_s15] step 3250/4000 train 1.9331 val 1.1607
[final3_PscaleM_a3sig_s15] step 3500/4000 train 1.9476 val 1.1540
[final3_PscaleM_a3sig_s15] step 3750/4000 train 1.9715 val 1.1519
[final3_PscaleM_a3sig_s15] step 4000/4000 train 1.9420 val 1.1496
[final3_PscaleM_a3sig_s15] DONE final_val=1.1496 best_val=1.1496 wall=510s
================================================================================
RUN: final3_PscaleM_a3sig_s16
[final3_PscaleM_a3sig_s16] device: NVIDIA GeForce RTX 5090
[final3_PscaleM_a3sig_s16] step 250/4000 train 2.5754 val 1.8099
[final3_PscaleM_a3sig_s16] step 500/4000 train 2.3853 val 1.5111
[final3_PscaleM_a3sig_s16] step 750/4000 train 2.1767 val 1.3977
[final3_PscaleM_a3sig_s16] step 1000/4000 train 2.1234 val 1.3427
[final3_PscaleM_a3sig_s16] step 1250/4000 train 2.1143 val 1.2999
[final3_PscaleM_a3sig_s16] step 1500/4000 train 2.1705 val 1.2744
[final3_PscaleM_a3sig_s16] step 1750/4000 train 2.0761 val 1.2452
[final3_PscaleM_a3sig_s16] step 2000/4000 train 2.0179 val 1.2278
[final3_PscaleM_a3sig_s16] step 2250/4000 train 2.0472 val 1.2063
[final3_PscaleM_a3sig_s16] step 2500/4000 train 2.0185 val 1.1981
[final3_PscaleM_a3sig_s16] step 2750/4000 train 2.0178 val 1.1791
[final3_PscaleM_a3sig_s16] step 3000/4000 train 1.8476 val 1.1710
[final3_PscaleM_a3sig_s16] step 3250/4000 train 1.9341 val 1.1615
[final3_PscaleM_a3sig_s16] step 3500/4000 train 1.9816 val 1.1562
[final3_PscaleM_a3sig_s16] step 3750/4000 train 1.8943 val 1.1521
[final3_PscaleM_a3sig_s16] step 4000/4000 train 2.0064 val 1.1528
[final3_PscaleM_a3sig_s16] DONE final_val=1.1528 best_val=1.1521 wall=504s
